Microchip MPLAB XC8 Compiler V2.41

Linker command line:

-W-3 \
  --edf=C:\Program Files\Microchip\xc8\v2.41\pic\dat\20230208172133_en.msgs \
  -cn -h+dist/default/production\Car_Blackbox.X.production.sym \
  --cmf=dist/default/production\Car_Blackbox.X.production.cmf -z -Q18F4580 \
  -oC:\Users\saran\AppData\Local\Temp\xcAsbh4.\driver_tmp_3.o \
  --defsym=__MPLAB_BUILD=1 --fixupoverflow=error \
  -Mdist/default/production/Car_Blackbox.X.production.map \
  --md=C:\Users\saran\AppData\Local\Temp\xcAsbh4.\driver_tmp_0.dat -E1 \
  -ver=XC8 Compiler --acfsm=1493 -ACODE=00h-03000h -ACONST=00h-03000h \
  -ASMALLCONST=0600h-06FFhx42,03000h-03000h -AMEDIUMCONST=0600h-03000h \
  -ACOMRAM=01h-05Fh -AABS1=00h-05FFh -ABIGRAM=01h-05FFh \
  -ARAM=060h-0FFh,0100h-01FFhx5 -ABANK0=060h-0FFh -ABANK1=0100h-01FFh \
  -ABANK2=0200h-02FFh -ABANK3=0300h-03FFh -ABANK4=0400h-04FFh \
  -ABANK5=0500h-05FFh -ASFR=0D00h-0DFFhx2,0F00h-0F5Fh,0F60h-0FFFh \
  -ABIGSFR=0D00h-0FFFh -ACONFIG=0300000h-030000Dh -AIDLOC=0200000h-0200007h \
  -AEEDATA=0F00000h-0F000FFh -peeprom_data=EEDATA \
  -preset_vec=00h,intcode=08h,intcodelo,powerup,init -pramtop=0600h \
  -psmallconst=SMALLCONST -pmediumconst=MEDIUMCONST -pconst=CONST \
  -AFARRAM=00h-00h \
  -prdata=COMRAM,nvrram=COMRAM,nvbit=COMRAM,rbss=COMRAM,rbit=COMRAM \
  -pfarbss=FARRAM,fardata=FARRAM,nvFARRAM=FARRAM \
  -pintsave_regs=BIGRAM,bigbss=BIGRAM,bigdata=BIGRAM -pbss=RAM \
  -pidata=CODE,irdata=CODE,ibigdata=CODE,ifardata=CODE -prparam=COMRAM \
  C:\Users\saran\AppData\Local\Temp\xcAsbh4.\driver_tmp_9.o \
  dist/default/production\Car_Blackbox.X.production.o 

Object code version is 3.11

Machine type is 18F4580



                Name                               Link     Load   Length Selector   Space Scale
C:\Users\saran\AppData\Local\Temp\xcAsbh4.\driver_tmp_9.o
                idloc                            200000   200000        8        0       5
                config                           300000   300000        E        0       4
                init                                  E        E        4        4       0
                reset_vec                             0        0        4        0       0
dist/default/production\Car_Blackbox.X.production.o
                intcode                               8        8        6        4       0
                idloc                            200000   200000        8        0       5
                config                           300000   300000        E        0       4
                temp                                 5D       5D        1        1       1
                mediumconst                        2DE2     2DE2      21E     16F1       0
                intcode_body                       21E8     21E8       4E        4       0
                text52                             25B6     25B6       12     1223       0
                text51                             25F4     25F4        8     1223       0
                text50                             25EC     25EC        8     1223       0
                text49                             25C8     25C8        C     1223       0
                text48                             2356     2356       40        4       0
                text47                             1E5A     1E5A       84        4       0
                text46                             1B12     1B12       B8        4       0
                text45                             23D4     23D4       3A        4       0
                text44                             2118     2118       6C        4       0
                text43                             2538     2538       18     1223       0
                text42                             25E4     25E4        8     1223       0
                text41                             25DC     25DC        8     1223       0
                text40                             25D4     25D4        8     1223       0
                text39                             24D0     24D0       2A     1223       0
                text38                             2396     2396       3E        4       0
                text37                             20AC     20AC       6C        4       0
                text36                             17F8     17F8       CE        4       0
                text35                             171E     171E       DA        4       0
                text34                             1BCA     1BCA       B2        4       0
                text33                             126A     126A      19A        4       0
                text32                             24A6     24A6       2A     1223       0
                text31                             1DD4     1DD4       86        4       0
                text30                              852      852      39A        4       0
                text29                             1618     1618      106        4       0
                text28                             1F54     1F54       74        4       0
                text27                             2184     2184       64        4       0
                text26                             10B6     10B6      1B4        4       0
                text25                             22CC     22CC       46        4       0
                text24                             1A54     1A54       BE        4       0
                text23                             2282     2282       4A        4       0
                text22                             1C7C     1C7C       B0        4       0
                text21                             247C     247C       2A     1223       0
                text20                             2566     2566       16     1223       0
                text19                             2446     2446       36     1223       0
                text18                              EB2      EB2      204        4       0
                text17                             24FA     24FA       20     1223       0
                text16                             1D2C     1D2C       A8        4       0
                text15                             251A     251A       1E     1223       0
                text14                             2312     2312       44        4       0
                text13                             2550     2550       16     1223       0
                text12                             25A4     25A4       12     1223       0
                text11                             2590     2590       14     1223       0
                text10                             2236     2236       4C        4       0
                text9                              203A     203A       72        4       0
                text8                              1990     1990       C4        4       0
                text7                              257C     257C       14     1223       0
                text6                              18C6     18C6       CA        4       0
                text5                                12       12      430        4       0
                text4                               442      442      410        4       0
                text3                              1510     1510      108        4       0
                text2                              1EDE     1EDE       76        4       0
                text1                               BEC      BEC      2C6        4       0
                text0                              1404     1404      10C        4       0
                cstackCOMRAM                          1        1       34        1       1
                bssBANK1                            100      100       22      100       1
                dataBANK0                            B2       B2       37       60       1
                bssBANK0                             60       60       52       60       1
                dataCOMRAM                           56       56        7        1       1
                bssCOMRAM                            35       35       21        1       1
                cinit                              1FC8     1FC8       72        4       0
                idataBANK0                         240E     240E       37        4       0
                idataCOMRAM                        25FC     25FC        7     1223       0

TOTAL           Name                               Link     Load   Length     Space
        CLASS   CODE           
                intcode                               8        8        6         0
                init                                  E        E        4         0
                reset_vec                             0        0        4         0
                intcode_body                       21E8     21E8       4E         0
                text52                             25B6     25B6       12         0
                text51                             25F4     25F4        8         0
                text50                             25EC     25EC        8         0
                text49                             25C8     25C8        C         0
                text48                             2356     2356       40         0
                text47                             1E5A     1E5A       84         0
                text46                             1B12     1B12       B8         0
                text45                             23D4     23D4       3A         0
                text44                             2118     2118       6C         0
                text43                             2538     2538       18         0
                text42                             25E4     25E4        8         0
                text41                             25DC     25DC        8         0
                text40                             25D4     25D4        8         0
                text39                             24D0     24D0       2A         0
                text38                             2396     2396       3E         0
                text37                             20AC     20AC       6C         0
                text36                             17F8     17F8       CE         0
                text35                             171E     171E       DA         0
                text34                             1BCA     1BCA       B2         0
                text33                             126A     126A      19A         0
                text32                             24A6     24A6       2A         0
                text31                             1DD4     1DD4       86         0
                text30                              852      852      39A         0
                text29                             1618     1618      106         0
                text28                             1F54     1F54       74         0
                text27                             2184     2184       64         0
                text26                             10B6     10B6      1B4         0
                text25                             22CC     22CC       46         0
                text24                             1A54     1A54       BE         0
                text23                             2282     2282       4A         0
                text22                             1C7C     1C7C       B0         0
                text21                             247C     247C       2A         0
                text20                             2566     2566       16         0
                text19                             2446     2446       36         0
                text18                              EB2      EB2      204         0
                text17                             24FA     24FA       20         0
                text16                             1D2C     1D2C       A8         0
                text15                             251A     251A       1E         0
                text14                             2312     2312       44         0
                text13                             2550     2550       16         0
                text12                             25A4     25A4       12         0
                text11                             2590     2590       14         0
                text10                             2236     2236       4C         0
                text9                              203A     203A       72         0
                text8                              1990     1990       C4         0
                text7                              257C     257C       14         0
                text6                              18C6     18C6       CA         0
                text5                                12       12      430         0
                text4                               442      442      410         0
                text3                              1510     1510      108         0
                text2                              1EDE     1EDE       76         0
                text1                               BEC      BEC      2C6         0
                text0                              1404     1404      10C         0
                cinit                              1FC8     1FC8       72         0
                idataBANK0                         240E     240E       37         0
                idataCOMRAM                        25FC     25FC        7         0

        CLASS   CONST          

        CLASS   SMALLCONST     

        CLASS   MEDIUMCONST    
                mediumconst                        2DE2     2DE2      21E         0

        CLASS   COMRAM         
                temp                                 5D       5D        1         1
                cstackCOMRAM                          1        1       34         1
                dataCOMRAM                           56       56        7         1
                bssCOMRAM                            35       35       21         1

        CLASS   ABS1           

        CLASS   BIGRAM         

        CLASS   RAM            

        CLASS   BANK0          
                dataBANK0                            B2       B2       37         1
                bssBANK0                             60       60       52         1

        CLASS   BANK1          
                bssBANK1                            100      100       22         1

        CLASS   BANK2          

        CLASS   BANK3          

        CLASS   BANK4          

        CLASS   BANK5          

        CLASS   SFR            

        CLASS   BIGSFR         

        CLASS   CONFIG         
                config                           300000   300000        E         4

        CLASS   IDLOC          
                idloc                            200000   200000        8         5

        CLASS   EEDATA         

        CLASS   FARRAM         

        CLASS   HEAP           

        CLASS   STACK          



SEGMENTS        Name                           Load    Length   Top    Selector   Space  Class

                reset_vec                      000000  000004  000004         0       0  CODE    
                cstackCOMRAM                   000001  00005D  00005E         1       1  COMRAM  
                intcode                        000008  00243D  002445         4       0  CODE    
                bssBANK0                       000060  000089  0000E9        60       1  BANK0   
                bssBANK1                       000100  000022  000122       100       1  BANK1   
                text19                         002446  0001BD  002603      1223       0  CODE    
                mediumconst                    002DE2  00021E  003000      16F1       0  MEDIUMCO


UNUSED ADDRESS RANGES

        Name                Unused          Largest block    Delta
        BANK0            0000E9-0000FF               17
        BANK1            000122-0001FF               DE
        BANK2            000200-0002FF              100
        BANK3            000300-0003FF              100
        BANK4            000400-0004FF              100
        BANK5            000500-0005FF              100
        BIGRAM           00005E-00005F                2
                         0000E9-0000FF               17
                         000122-0005FF              4DE
        BIGSFR           000D00-000FFF              300
        CODE             000004-000007                4
                         002445-002445                1
                         002603-002DE1              7DF
                         003000-003000                1
        COMRAM           00005E-00005F                2
        CONST            000004-000007                4
                         002445-002445                1
                         002603-002DE1              7DF
                         003000-003000                1
        EEDATA           F00000-F000FF              100
        MEDIUMCONST      002445-002445                1
                         002603-002DE1              7DF
                         003000-003000                1
        RAM              0000E9-0000FF               17
                         000122-0005FF              100
        SFR              000D00-000FFF              100
        SMALLCONST       002445-002445                1
                         002603-002DE1              100
                         003000-003000                1

                                  Symbol Table

?___awdiv                      cstackCOMRAM 000001
?___awmod                      cstackCOMRAM 000001
?___fldiv                      cstackCOMRAM 00000F
?___fltol                      cstackCOMRAM 000028
?___lwdiv                      cstackCOMRAM 000001
?___lwmod                      cstackCOMRAM 000008
?___xxtofl                     cstackCOMRAM 000001
?_read_adc                     cstackCOMRAM 000001
?_strcmp                       cstackCOMRAM 000001
?_strncmp                      cstackCOMRAM 000001
_ABDEN                         (abs)        007DC0
_ABDOVF                        (abs)        007DC7
_ACKDT                         (abs)        007E2D
_ACKEN                         (abs)        007E2C
_ACKSTAT                       (abs)        007E2E
_ACQT0                         (abs)        007E03
_ACQT1                         (abs)        007E04
_ACQT2                         (abs)        007E05
_ADCON0                        (abs)        000FC2
_ADCON1                        (abs)        000FC1
_ADCS0                         (abs)        007E00
_ADCS1                         (abs)        007E01
_ADCS2                         (abs)        007E02
_ADFM                          (abs)        007E07
_ADON                          (abs)        007E10
_ADRESH                        (abs)        000FC4
_ADRESL                        (abs)        000FC3
_BCLIF                         (abs)        007D0B
_BRG16                         (abs)        007DC3
_BRGH                          (abs)        007D62
_CKE                           (abs)        007E3E
_CREN                          (abs)        007D5C
_GIE                           (abs)        007F97
_GO                            (abs)        007E11
_GODONE                        (abs)        007E11
_PEIE                          (abs)        007F96
_PEN                           (abs)        007E2A
_PORTB                         (abs)        000F81
_PORTBbits                     (abs)        000F81
_PORTD                         (abs)        000F83
_PSA                           (abs)        007EAB
_RBPU                          (abs)        007F8F
_RC0                           (abs)        007C10
_RC1                           (abs)        007C11
_RC2                           (abs)        007C12
_RCEN                          (abs)        007E2B
_RCIE                          (abs)        007CED
_RCIF                          (abs)        007CF5
_RCREG                         (abs)        000FAE
_RD7                           (abs)        007C1F
_RSEN                          (abs)        007E29
_RX9                           (abs)        007D5E
_SEN                           (abs)        007E28
_SENDB                         (abs)        007D63
_SMP                           (abs)        007E3F
_SPBRG                         (abs)        000FAF
_SPEN                          (abs)        007D5F
_SSPADD                        (abs)        000FC8
_SSPBUF                        (abs)        000FC9
_SSPCON1                       (abs)        000FC6
_SSPIF                         (abs)        007CF3
_SYNC                          (abs)        007D64
_T08BIT                        (abs)        007EAE
_T0CS                          (abs)        007EAD
_TMR0                          (abs)        000FD6
_TMR0IE                        (abs)        007F95
_TMR0IF                        (abs)        007F92
_TMR0ON                        (abs)        007EAF
_TMR2IE                        (abs)        007CE9
_TMR2ON                        (abs)        007E52
_TRISB                         (abs)        000F93
_TRISC                         (abs)        000F94
_TRISC3                        (abs)        007CA3
_TRISC4                        (abs)        007CA4
_TRISC6                        (abs)        007CA6
_TRISC7                        (abs)        007CA7
_TRISD                         (abs)        000F95
_TRISD7                        (abs)        007CAF
_TX9                           (abs)        007D66
_TXEN                          (abs)        007D65
_TXIE                          (abs)        007CEC
_TXIF                          (abs)        007CF4
_TXREG                         (abs)        000FAD
_VCFG0                         (abs)        007E0C
_VCFG1                         (abs)        007E0D
_WUE                           (abs)        007DC1
__HRAM                         (abs)        000000
__H__absolute__                __absolute__ 000000
__Habs1                        abs1         000000
__Hbank0                       bank0        000000
__Hbank1                       bank1        000000
__Hbank2                       bank2        000000
__Hbank3                       bank3        000000
__Hbank4                       bank4        000000
__Hbank5                       bank5        000000
__Hbigbss                      bigbss       000000
__Hbigdata                     bigdata      000000
__Hbigram                      bigram       000000
__Hbigsfr                      bigsfr       000000
__Hbss                         bss          000000
__HbssBANK0                    bssBANK0     000000
__HbssBANK1                    bssBANK1     000000
__HbssCOMRAM                   bssCOMRAM    000000
__Hcinit                       cinit        000000
__Hclrtext                     clrtext      000000
__Hcomram                      comram       000000
__Hconfig                      config       30000E
__Hconst                       const        000000
__HcstackCOMRAM                cstackCOMRAM 000000
__Hdata                        data         000000
__HdataBANK0                   dataBANK0    000000
__HdataCOMRAM                  dataCOMRAM   000000
__Heeprom_data                 eeprom_data  000000
__Hfarbss                      farbss       000000
__Hfardata                     fardata      000000
__Hheap                        heap         000000
__Hibigdata                    ibigdata     000000
__Hidata                       idata        000000
__HidataBANK0                  idataBANK0   000000
__HidataCOMRAM                 idataCOMRAM  000000
__Hidloc                       idloc        200008
__Hifardata                    ifardata     000000
__Hinit                        init         000012
__Hintcode                     intcode      00000E
__Hintcode_body                intcode_body 000000
__Hintcodelo                   intcodelo    00000E
__Hintentry                    intentry     000000
__Hintret                      intret       000000
__Hintsave_regs                intsave_regs 000000
__Hirdata                      irdata       000000
__Hmediumconst                 mediumconst  003000
__HnvFARRAM                    nvFARRAM     000000
__Hnvbit                       nvbit        000000
__Hnvrram                      nvrram       000000
__Hparam                       rparam       000000
__Hpowerup                     powerup      00000E
__Hram                         ram          000000
__Hramtop                      ramtop       000600
__Hrbit                        rbit         000000
__Hrbss                        rbss         000000
__Hrdata                       rdata        000000
__Hreset_vec                   reset_vec    000004
__Hrparam                      rparam       000000
__Hsfr                         sfr          000000
__Hsmallconst                  smallconst   000000
__Hspace_0                     (abs)        003000
__Hspace_1                     (abs)        000122
__Hspace_2                     (abs)        000000
__Hspace_4                     (abs)        60000E
__Hstack                       stack        000000
__Hstruct                      struct       000000
__Htemp                        temp         00005E
__Htext                        text         000000
__Htext0                       text0        000000
__Htext1                       text1        000000
__Htext10                      text10       000000
__Htext11                      text11       000000
__Htext12                      text12       000000
__Htext13                      text13       000000
__Htext14                      text14       000000
__Htext15                      text15       000000
__Htext16                      text16       000000
__Htext17                      text17       000000
__Htext18                      text18       000000
__Htext19                      text19       000000
__Htext2                       text2        000000
__Htext20                      text20       000000
__Htext21                      text21       000000
__Htext22                      text22       000000
__Htext23                      text23       000000
__Htext24                      text24       000000
__Htext25                      text25       000000
__Htext26                      text26       000000
__Htext27                      text27       000000
__Htext28                      text28       000000
__Htext29                      text29       000000
__Htext3                       text3        000000
__Htext30                      text30       000000
__Htext31                      text31       000000
__Htext32                      text32       000000
__Htext33                      text33       000000
__Htext34                      text34       000000
__Htext35                      text35       000000
__Htext36                      text36       000000
__Htext37                      text37       000000
__Htext38                      text38       000000
__Htext39                      text39       000000
__Htext4                       text4        000000
__Htext40                      text40       000000
__Htext41                      text41       000000
__Htext42                      text42       000000
__Htext43                      text43       000000
__Htext44                      text44       000000
__Htext45                      text45       000000
__Htext46                      text46       000000
__Htext47                      text47       000000
__Htext48                      text48       000000
__Htext49                      text49       000000
__Htext5                       text5        000000
__Htext50                      text50       000000
__Htext51                      text51       000000
__Htext52                      text52       000000
__Htext6                       text6        000000
__Htext7                       text7        000000
__Htext8                       text8        000000
__Htext9                       text9        000000
__LRAM                         (abs)        000001
__L__absolute__                __absolute__ 000000
__Labs1                        abs1         000000
__Lbank0                       bank0        000000
__Lbank1                       bank1        000000
__Lbank2                       bank2        000000
__Lbank3                       bank3        000000
__Lbank4                       bank4        000000
__Lbank5                       bank5        000000
__Lbigbss                      bigbss       000000
__Lbigdata                     bigdata      000000
__Lbigram                      bigram       000000
__Lbigsfr                      bigsfr       000000
__Lbss                         bss          000000
__LbssBANK0                    bssBANK0     000000
__LbssBANK1                    bssBANK1     000000
__LbssCOMRAM                   bssCOMRAM    000000
__Lcinit                       cinit        000000
__Lclrtext                     clrtext      000000
__Lcomram                      comram       000000
__Lconfig                      config       000000
__Lconst                       const        000000
__LcstackCOMRAM                cstackCOMRAM 000000
__Ldata                        data         000000
__LdataBANK0                   dataBANK0    000000
__LdataCOMRAM                  dataCOMRAM   000000
__Leeprom_data                 eeprom_data  000000
__Lfarbss                      farbss       000000
__Lfardata                     fardata      000000
__Lheap                        heap         000000
__Libigdata                    ibigdata     000000
__Lidata                       idata        000000
__LidataBANK0                  idataBANK0   000000
__LidataCOMRAM                 idataCOMRAM  000000
__Lidloc                       idloc        000000
__Lifardata                    ifardata     000000
__Linit                        init         00000E
__Lintcode                     intcode      000008
__Lintcode_body                intcode_body 000000
__Lintcodelo                   intcodelo    00000E
__Lintentry                    intentry     000000
__Lintret                      intret       000000
__Lintsave_regs                intsave_regs 000000
__Lirdata                      irdata       000000
__Lmediumconst                 mediumconst  002DE2
__LnvFARRAM                    nvFARRAM     000000
__Lnvbit                       nvbit        000000
__Lnvrram                      nvrram       000000
__Lparam                       rparam       000000
__Lpowerup                     powerup      00000E
__Lram                         ram          000000
__Lramtop                      ramtop       000600
__Lrbit                        rbit         000000
__Lrbss                        rbss         000000
__Lrdata                       rdata        000000
__Lreset_vec                   reset_vec    000000
__Lrparam                      rparam       000000
__Lsfr                         sfr          000000
__Lsmallconst                  smallconst   000000
__Lspace_0                     (abs)        000000
__Lspace_1                     (abs)        000000
__Lspace_2                     (abs)        000000
__Lspace_4                     (abs)        000000
__Lstack                       stack        000000
__Lstruct                      struct       000000
__Ltemp                        temp         00005D
__Ltext                        text         000000
__Ltext0                       text0        000000
__Ltext1                       text1        000000
__Ltext10                      text10       000000
__Ltext11                      text11       000000
__Ltext12                      text12       000000
__Ltext13                      text13       000000
__Ltext14                      text14       000000
__Ltext15                      text15       000000
__Ltext16                      text16       000000
__Ltext17                      text17       000000
__Ltext18                      text18       000000
__Ltext19                      text19       000000
__Ltext2                       text2        000000
__Ltext20                      text20       000000
__Ltext21                      text21       000000
__Ltext22                      text22       000000
__Ltext23                      text23       000000
__Ltext24                      text24       000000
__Ltext25                      text25       000000
__Ltext26                      text26       000000
__Ltext27                      text27       000000
__Ltext28                      text28       000000
__Ltext29                      text29       000000
__Ltext3                       text3        000000
__Ltext30                      text30       000000
__Ltext31                      text31       000000
__Ltext32                      text32       000000
__Ltext33                      text33       000000
__Ltext34                      text34       000000
__Ltext35                      text35       000000
__Ltext36                      text36       000000
__Ltext37                      text37       000000
__Ltext38                      text38       000000
__Ltext39                      text39       000000
__Ltext4                       text4        000000
__Ltext40                      text40       000000
__Ltext41                      text41       000000
__Ltext42                      text42       000000
__Ltext43                      text43       000000
__Ltext44                      text44       000000
__Ltext45                      text45       000000
__Ltext46                      text46       000000
__Ltext47                      text47       000000
__Ltext48                      text48       000000
__Ltext49                      text49       000000
__Ltext5                       text5        000000
__Ltext50                      text50       000000
__Ltext51                      text51       000000
__Ltext52                      text52       000000
__Ltext6                       text6        000000
__Ltext7                       text7        000000
__Ltext8                       text8        000000
__Ltext9                       text9        000000
__S0                           (abs)        003000
__S1                           (abs)        000122
__S4                           (abs)        000000
__S5                           (abs)        000000
___awdiv                       text8        001990
___awdiv@counter               cstackCOMRAM 000005
___awdiv@dividend              cstackCOMRAM 000001
___awdiv@divisor               cstackCOMRAM 000003
___awdiv@quotient              cstackCOMRAM 000007
___awdiv@sign                  cstackCOMRAM 000006
___awmod                       text22       001C7C
___awmod@counter               cstackCOMRAM 000005
___awmod@dividend              cstackCOMRAM 000001
___awmod@divisor               cstackCOMRAM 000003
___awmod@sign                  cstackCOMRAM 000006
___fldiv                       text30       000852
___fldiv@a                     cstackCOMRAM 000013
___fldiv@aexp                  cstackCOMRAM 000027
___fldiv@b                     cstackCOMRAM 00000F
___fldiv@bexp                  cstackCOMRAM 000026
___fldiv@grs                   cstackCOMRAM 000022
___fldiv@new_exp               cstackCOMRAM 000020
___fldiv@rem                   cstackCOMRAM 00001B
___fldiv@sign                  cstackCOMRAM 00001F
___fltol                       text29       001618
___fltol@exp1                  cstackCOMRAM 000031
___fltol@f1                    cstackCOMRAM 000028
___fltol@sign1                 cstackCOMRAM 000030
___heap_hi                     (abs)        000000
___heap_lo                     (abs)        000000
___inthi_sp                    stack        000000
___intlo_sp                    stack        000000
___lwdiv                       text28       001F54
___lwdiv@counter               cstackCOMRAM 000007
___lwdiv@dividend              cstackCOMRAM 000001
___lwdiv@divisor               cstackCOMRAM 000003
___lwdiv@quotient              cstackCOMRAM 000005
___lwmod                       text27       002184
___lwmod@counter               cstackCOMRAM 00000C
___lwmod@dividend              cstackCOMRAM 000008
___lwmod@divisor               cstackCOMRAM 00000A
___param_bank                  (abs)        000000
___rparam_used                 (abs)        000001
___sp                          stack        000000
___xxtofl                      text26       0010B6
___xxtofl@arg                  cstackCOMRAM 00000B
___xxtofl@exp                  cstackCOMRAM 00000A
___xxtofl@sign                 cstackCOMRAM 000009
___xxtofl@val                  cstackCOMRAM 000001
__accesstop                    (abs)        000060
__activetblptr                 (abs)        000002
__end_of___awdiv               text8        001A54
__end_of___awmod               text22       001D2C
__end_of___fldiv               text30       000BEC
__end_of___fltol               text29       00171E
__end_of___lwdiv               text28       001FC8
__end_of___lwmod               text27       0021E8
__end_of___xxtofl              text26       00126A
__end_of__initialization       cinit        00202C
__end_of_blink                 text9        0020AC
__end_of_car_log               text46       001BCA
__end_of_change_pass           text35       0017F8
__end_of_clcd_print            text44       002184
__end_of_clcd_putch            text43       002550
__end_of_clcd_write            text45       00240E
__end_of_clear_log             text34       001C7C
__end_of_clr_pass              text7        002590
__end_of_default_screen        text23       0022CC
__end_of_download_log          text18       0010B6
__end_of_event                 text33       001404
__end_of_event_capture         text47       001EDE
__end_of_get_pass              text38       0023D4
__end_of_get_time              text31       001E5A
__end_of_i2c_idle              text52       0025C8
__end_of_i2c_read              text41       0025E4
__end_of_i2c_rep_start         text40       0025DC
__end_of_i2c_rx_mode           text42       0025EC
__end_of_i2c_start             text51       0025FC
__end_of_i2c_stop              text50       0025F4
__end_of_i2c_write             text49       0025D4
__end_of_init_adc              text17       00251A
__end_of_init_clcd             text16       001DD4
__end_of_init_config           text10       002282
__end_of_init_ds1307           text14       002356
__end_of_init_i2c              text13       002566
__end_of_init_matrix_keypad    text12       0025B6
__end_of_init_timer0           text11       0025A4
__end_of_init_uart             text21       0024A6
__end_of_isr                   intcode_body 002236
__end_of_login                 text5        000442
__end_of_main                  text0        001510
__end_of_menu                  text4        000852
__end_of_putch                 text20       00257C
__end_of_puts                  text19       00247C
__end_of_read_adc              text25       002312
__end_of_read_ds1307           text32       0024D0
__end_of_read_external_eeprom  text39       0024FA
__end_of_read_switches         text2        001F54
__end_of_scan_key              text3        001618
__end_of_speed_display         text24       001B12
__end_of_strcmp                text37       002118
__end_of_strncmp               text36       0018C6
__end_of_timeout               text6        001990
__end_of_view_log              text1        000EB2
__end_of_write_ds1307          text15       002538
__end_of_write_external_eeprom text48       002396
__initialization               cinit        001FC8
__mediumconst                  mediumconst  002DE2
__pbssBANK0                    bssBANK0     000060
__pbssBANK1                    bssBANK1     000100
__pbssCOMRAM                   bssCOMRAM    000035
__pcinit                       cinit        001FC8
__pcstackCOMRAM                cstackCOMRAM 000001
__pdataBANK0                   dataBANK0    0000B2
__pdataCOMRAM                  dataCOMRAM   000056
__pidataBANK0                  idataBANK0   00240E
__pidataCOMRAM                 idataCOMRAM  0025FC
__pintcode                     intcode      000008
__pintcode_body                intcode_body 0021E8
__pmediumconst                 mediumconst  002DE2
__ptext0                       text0        001404
__ptext1                       text1        000BEC
__ptext10                      text10       002236
__ptext11                      text11       002590
__ptext12                      text12       0025A4
__ptext13                      text13       002550
__ptext14                      text14       002312
__ptext15                      text15       00251A
__ptext16                      text16       001D2C
__ptext17                      text17       0024FA
__ptext18                      text18       000EB2
__ptext19                      text19       002446
__ptext2                       text2        001EDE
__ptext20                      text20       002566
__ptext21                      text21       00247C
__ptext22                      text22       001C7C
__ptext23                      text23       002282
__ptext24                      text24       001A54
__ptext25                      text25       0022CC
__ptext26                      text26       0010B6
__ptext27                      text27       002184
__ptext28                      text28       001F54
__ptext29                      text29       001618
__ptext3                       text3        001510
__ptext30                      text30       000852
__ptext31                      text31       001DD4
__ptext32                      text32       0024A6
__ptext33                      text33       00126A
__ptext34                      text34       001BCA
__ptext35                      text35       00171E
__ptext36                      text36       0017F8
__ptext37                      text37       0020AC
__ptext38                      text38       002396
__ptext39                      text39       0024D0
__ptext4                       text4        000442
__ptext40                      text40       0025D4
__ptext41                      text41       0025DC
__ptext42                      text42       0025E4
__ptext43                      text43       002538
__ptext44                      text44       002118
__ptext45                      text45       0023D4
__ptext46                      text46       001B12
__ptext47                      text47       001E5A
__ptext48                      text48       002356
__ptext49                      text49       0025C8
__ptext5                       text5        000012
__ptext50                      text50       0025EC
__ptext51                      text51       0025F4
__ptext52                      text52       0025B6
__ptext6                       text6        0018C6
__ptext7                       text7        00257C
__ptext8                       text8        001990
__ptext9                       text9        00203A
__ramtop                       ramtop       000600
__smallconst                   smallconst   000000
_adc_reg_val                   bssCOMRAM    000049
_arr                           dataBANK0    0000B2
_arrow_pos                     dataCOMRAM   000056
_attempts                      bssBANK0     000093
_blink                         text9        00203A
_c_wait                        bssBANK0     000095
_car_log                       text46       001B12
_change_pass                   text35       00171E
_clcd_print                    text44       002118
_clcd_putch                    text43       002538
_clcd_write                    text45       0023D4
_clear_log                     text34       001BCA
_clock_reg                     bssBANK0     000071
_clr_pass                      text7        00257C
_count                         bssBANK0     000091
_cr                            bssBANK0     000099
_cursor                        bssCOMRAM    000043
_default_screen                text23       002282
_delay                         bssBANK0     000075
_download_log                  text18       000EB2
_enter                         bssBANK0     000097
_event                         text33       00126A
_event_capture                 text47       001E5A
_flag                          bssCOMRAM    00004B
_get_pass                      text38       002396
_get_time                      text31       001DD4
_i                             bssCOMRAM    00004D
_i2c_idle                      text52       0025B6
_i2c_read                      text41       0025DC
_i2c_rep_start                 text40       0025D4
_i2c_rx_mode                   text42       0025E4
_i2c_start                     text51       0025F4
_i2c_stop                      text50       0025EC
_i2c_write                     text49       0025C8
_idx                           bssCOMRAM    000045
_index                         bssCOMRAM    00003B
_init_adc                      text17       0024FA
_init_clcd                     text16       001D2C
_init_config                   text10       002236
_init_ds1307                   text14       002312
_init_i2c                      text13       002550
_init_matrix_keypad            text12       0025A4
_init_timer0                   text11       002590
_init_uart                     text21       00247C
_isr                           intcode      000008
_k                             bssCOMRAM    000037
_key                           bssCOMRAM    000054
_l                             bssCOMRAM    000035
_log                           bssBANK0     000060
_login                         text5        000012
_m_count                       bssBANK0     00008D
_main                          text0        001404
_main_menu                     dataBANK0    0000D0
_mark                          bssBANK0     00008F
_menu                          text4        000442
_menu_pos                      bssCOMRAM    00003F
_new_pd                        bssBANK0     00009B
_old_pd                        bssBANK0     0000A0
_once                          bssBANK0     000083
_overflow                      bssBANK0     000087
_pass                          bssBANK0     0000A5
_password                      bssBANK0     0000AA
_pos                           dataCOMRAM   000058
_position                      dataBANK0    0000DC
_pre_key                       bssCOMRAM    00004F
_press_delay                   bssCOMRAM    00003D
_putch                         text20       002566
_puts                          text19       002446
_read_adc                      text25       0022CC
_read_ds1307                   text32       0024A6
_read_external_eeprom          text39       0024D0
_read_switches                 text2        001EDE
_return_delay                  bssBANK0     000081
_return_delay1                 bssBANK0     00007F
_scan_key                      text3        001510
_screen_flag                   bssCOMRAM    000051
_scrn_delay                    bssBANK0     00008B
_sec                           bssBANK0     00007D
_seconds                       dataCOMRAM   00005A
_speed                         bssBANK0     0000AF
_speed_display                 text24       001A54
_star                          bssCOMRAM    000041
_strcmp                        text37       0020AC
_strncmp                       text36       0017F8
_time                          dataBANK0    0000E0
_time_delay                    bssBANK0     000089
_timeout                       text6        0018C6
_view_log                      text1        000BEC
_wait                          bssCOMRAM    000047
_write_ds1307                  text15       00251A
_write_external_eeprom         text48       002356
_x                             dataBANK0    0000DE
blink@x                        cstackCOMRAM 00000B
btemp                          temp         00005D
car_log@i                      cstackCOMRAM 00000A
change_pass@attempt1           bssBANK0     00007B
change_pass@c                  bssCOMRAM    000053
clcd_print@addr                cstackCOMRAM 000005
clcd_print@data                cstackCOMRAM 000003
clcd_putch@addr                cstackCOMRAM 000009
clcd_putch@data                cstackCOMRAM 00000A
clcd_write@byte                cstackCOMRAM 000002
clcd_write@control_bit         cstackCOMRAM 000001
clear_log@i                    cstackCOMRAM 00000A
clear_log@i_398                cstackCOMRAM 000006
default_screen@key             cstackCOMRAM 000034
download_log@address           cstackCOMRAM 00001E
download_log@i                 cstackCOMRAM 000023
download_log@next              cstackCOMRAM 000021
download_log@vlog              cstackCOMRAM 00000D
download_log@vlog_pos          cstackCOMRAM 00001F
end_of_initialization          cinit        00202C
event@key                      cstackCOMRAM 00000C
event_capture@address          cstackCOMRAM 000006
event_capture@i                cstackCOMRAM 000007
get_pass@i                     cstackCOMRAM 000004
i2c_write@data                 cstackCOMRAM 000001
init_ds1307@dummy              cstackCOMRAM 000004
int$flags                      temp         00005D
int_func                       intcode_body 0021E8
intlevel0                      text         000000
intlevel1                      text         000000
intlevel2                      text         000000
intlevel3                      text         000000
isa$std                        (abs)        000001
isa$xinst                      (abs)        000000
isr@count                      bssBANK0     000079
login@i                        cstackCOMRAM 00000D
login@i_372                    cstackCOMRAM 000011
login@i_373                    cstackCOMRAM 000015
login@i_376                    cstackCOMRAM 000019
login@key                      cstackCOMRAM 00001D
menu@key                       cstackCOMRAM 00000B
putch@byte                     cstackCOMRAM 000001
puts@s                         cstackCOMRAM 000002
read_adc@channel               cstackCOMRAM 000007
read_adc@reg_val               cstackCOMRAM 000005
read_ds1307@address            cstackCOMRAM 000002
read_ds1307@data               cstackCOMRAM 000003
read_external_eeprom@address   cstackCOMRAM 000002
read_external_eeprom@data      cstackCOMRAM 000003
read_switches@detection_type   cstackCOMRAM 000001
read_switches@key              bssCOMRAM    000055
read_switches@once             dataCOMRAM   00005C
speed_display@speed            cstackCOMRAM 000032
stackhi                        (abs)        000000
stacklo                        (abs)        000000
start                          init         00000E
start_initialization           cinit        001FC8
strcmp@l                       cstackCOMRAM 000001
strcmp@r                       cstackCOMRAM 000003
strncmp@_l                     cstackCOMRAM 000001
strncmp@_r                     cstackCOMRAM 000003
strncmp@l                      cstackCOMRAM 000009
strncmp@n                      cstackCOMRAM 000005
strncmp@r                      cstackCOMRAM 00000B
ttemp5                         temp         00005E
ttemp6                         temp         000061
ttemp7                         temp         000065
view_log@address               cstackCOMRAM 00002F
view_log@i                     cstackCOMRAM 000030
view_log@shift_pos             bssCOMRAM    000039
view_log@vlog                  cstackCOMRAM 00000D
view_log@vlog_pos              bssBANK0     000085
write_ds1307@address           cstackCOMRAM 000003
write_ds1307@data              cstackCOMRAM 000002
write_external_eeprom@address  cstackCOMRAM 000005
write_external_eeprom@data     cstackCOMRAM 000002
write_external_eeprom@i        cstackCOMRAM 000003
wtemp8                         temp         00005E


MODULE INFORMATION

Module		Function		Class		Link	Load	Size
C:\Program Files\Microchip\xc8\v2.41\pic\sources\c99\common\awmod.c
		___awmod       		CODE           	1C7C	0000	176

C:\Program Files\Microchip\xc8\v2.41\pic\sources\c99\common\awmod.c estimated size: 176

matrix_keypad.c
		_init_matrix_keypad		CODE           	25A4	0000	18
		_read_switches 		CODE           	1EDE	0000	118
		_scan_key      		CODE           	1510	0000	264

matrix_keypad.c estimated size: 400

C:\Program Files\Microchip\xc8\v2.41\pic\sources\c99\common\fltol.c
		___fltol       		CODE           	1618	0000	262

C:\Program Files\Microchip\xc8\v2.41\pic\sources\c99\common\fltol.c estimated size: 262

uart.c
		_putch         		CODE           	2566	0000	22
		_init_uart     		CODE           	247C	0000	42
		_puts          		CODE           	2446	0000	54

uart.c estimated size: 118

C:\Program Files\Microchip\xc8\v2.41\pic\sources\c99\common\xxtofl.c
		___xxtofl      		CODE           	10B6	0000	436

C:\Program Files\Microchip\xc8\v2.41\pic\sources\c99\common\xxtofl.c estimated size: 436

C:\Program Files\Microchip\xc8\v2.41\pic\sources\c99\common\strcmp.c
		_strcmp        		CODE           	20AC	0000	108

C:\Program Files\Microchip\xc8\v2.41\pic\sources\c99\common\strcmp.c estimated size: 108

i2c.c
		_i2c_start     		CODE           	25F4	0000	8
		_i2c_rep_start 		CODE           	25D4	0000	8
		_i2c_idle      		CODE           	25B6	0000	18
		_i2c_write     		CODE           	25C8	0000	12
		_i2c_stop      		CODE           	25EC	0000	8
		_i2c_read      		CODE           	25DC	0000	8
		_init_i2c      		CODE           	2550	0000	22
		_i2c_rx_mode   		CODE           	25E4	0000	8

i2c.c estimated size: 92

C:\Program Files\Microchip\xc8\v2.41\pic\sources\c99\common\lwdiv.c
		___lwdiv       		CODE           	1F54	0000	116

C:\Program Files\Microchip\xc8\v2.41\pic\sources\c99\common\lwdiv.c estimated size: 116

blackbox.c
		_view_log      		CODE           	0BEC	0000	710
		_timeout       		CODE           	18C6	0000	202
		_menu          		CODE           	0442	0000	1040
		_get_pass      		CODE           	2396	0000	62
		_clr_pass      		CODE           	257C	0000	20
		_event_capture 		CODE           	1E5A	0000	132
		_default_screen		CODE           	2282	0000	74
		_event         		CODE           	126A	0000	410
		_speed_display 		CODE           	1A54	0000	190
		_get_time      		CODE           	1DD4	0000	134
		_download_log  		CODE           	0EB2	0000	516
		_clear_log     		CODE           	1BCA	0000	178
		_blink         		CODE           	203A	0000	114
		_change_pass   		CODE           	171E	0000	218
		_car_log       		CODE           	1B12	0000	184
		_login         		CODE           	0012	0000	1072

blackbox.c estimated size: 5256

C:\Program Files\Microchip\xc8\v2.41\pic\sources\c99\common\awdiv.c
		___awdiv       		CODE           	1990	0000	196

C:\Program Files\Microchip\xc8\v2.41\pic\sources\c99\common\awdiv.c estimated size: 196

timer0.c
		_init_timer0   		CODE           	2590	0000	20

timer0.c estimated size: 20

ds1307.c
		_read_ds1307   		CODE           	24A6	0000	42
		_write_ds1307  		CODE           	251A	0000	30
		_init_ds1307   		CODE           	2312	0000	68

ds1307.c estimated size: 140

adc.c
		_init_adc      		CODE           	24FA	0000	32
		_read_adc      		CODE           	22CC	0000	70

adc.c estimated size: 102

isr.c
		_isr           		CODE           	0008	0000	84

isr.c estimated size: 84

shared
		__initialization		CODE           	1FC8	0000	100

shared estimated size: 100

clcd.c
		_clcd_write    		CODE           	23D4	0000	58
		_clcd_print    		CODE           	2118	0000	108
		_clcd_putch    		CODE           	2538	0000	24
		_init_clcd     		CODE           	1D2C	0000	168

clcd.c estimated size: 358

main_.c
		_main          		CODE           	1404	0000	268
		_init_config   		CODE           	2236	0000	76

main_.c estimated size: 344

ext_eeprom.c
		_write_external_eeprom		CODE           	2356	0000	64
		_read_external_eeprom		CODE           	24D0	0000	42

ext_eeprom.c estimated size: 106

C:\Program Files\Microchip\xc8\v2.41\pic\sources\c99\common\strncmp.c
		_strncmp       		CODE           	17F8	0000	206

C:\Program Files\Microchip\xc8\v2.41\pic\sources\c99\common\strncmp.c estimated size: 206

C:\Program Files\Microchip\xc8\v2.41\pic\sources\c99\common\sprcdiv.c
		___fldiv       		CODE           	0852	0000	922

C:\Program Files\Microchip\xc8\v2.41\pic\sources\c99\common\sprcdiv.c estimated size: 922

C:\Program Files\Microchip\xc8\v2.41\pic\sources\c99\common\lwmod.c
		___lwmod       		CODE           	2184	0000	100

C:\Program Files\Microchip\xc8\v2.41\pic\sources\c99\common\lwmod.c estimated size: 100

